UNIQUEID,GENE,MUTATION,NUCLEOTIDE_NUMBER,NUCLEOTIDE_INDEX,GENE_POSITION,ALT,REF,CODES_PROTEIN,INDEL_LENGTH,INDEL_NUCLEOTIDES,IS_CDS,IS_HET,IS_NULL,IS_PROMOTER,IS_SNP,AMINO_ACID_NUMBER,AMINO_ACID_SEQUENCE,IS_SYNONYMOUS,IS_NONSYNONYMOUS,NUMBER_NUCLEOTIDE_CHANGES
syn-illumina-MDR,rpoB,S450L,,,450,ttg,tcg,True,,,True,False,False,False,True,450,L,False,True,1
syn-illumina-MDR,katG,S315T,,,315,acc,agc,True,,,True,False,False,False,True,315,T,False,True,1