UNIQUEID,DRUG,GENE,MUTATION,CATALOGUE_NAME,PREDICTION
syn-illumina-MDR,RIF,rpoB,S450L,WHO-UCN-GTB-PCI-2021.7,R
syn-illumina-MDR,INH,katG,S315T,WHO-UCN-GTB-PCI-2021.7,R