UNIQUEID,VARIANT,IS_SNP,NUCLEOTIDE_INDEX,IS_INDEL,IS_NULL,IS_HET,INDEL_LENGTH,INDEL_NUCLEOTIDES
syn-illumina-MDR,761155c>t,True,761155,False,False,False,0,
syn-illumina-MDR,2155168c>g,True,2155168,False,False,False,0,