{
  "data": {
    "EFFECTS": {
      "INH": [
        {
          "GENE": "katG",
          "MUTATION": "S315T",
          "PREDICTION": "R"
        },
        {
          "PHENOTYPE": "R"
        }
      ],
      "RIF": [
        {
          "GENE": "rpoB",
          "MUTATION": "S450L",
          "PREDICTION": "R"
        },
        {
          "PHENOTYPE": "R"
        }
      ]
    },
    "MUTATIONS": [
      {
        "GENE": "rpoB",
        "GENE_POSITION": 450,
        "MUTATION": "S450L"
      },
      {
        "GENE": "katG",
        "GENE_POSITION": 315,
        "MUTATION": "S315T"
      }
    ],
    "VARIANTS": [
      {
        "NUCLEOTIDE_INDEX": 761155,
        "VARIANT": "761155c>t"
      },
      {
        "NUCLEOTIDE_INDEX": 2155168,
        "VARIANT": "2155168c>g"
      }
    ]
  },
  "meta": {
    "UTC-datetime-run": "2022-09-09T11:02:55.958066",
    "fields": {
      "EFFECTS": {
        "INH": [
          [
            "GENE",
            "MUTATION",
            "PREDICTION"
          ],
          "PHENOTYPE"
        ],
        "RIF": [
          [
            "GENE",
            "MUTATION",
            "PREDICTION"
          ],
          "PHENOTYPE"
        ]
      },
      "MUTATIONS": [
        "MUTATION",
        "GENE",
        "GENE_POSITION"
      ],
      "VARIANTS": [
        "VARIANT",
        "NUCLEOTIDE_INDEX"
      ]
    },
    "guid": "syn-illumina-MDR",
    "version": "1.1.1"
  }
}