UNIQUEID,GENE,MUTATION,NUCLEOTIDE_NUMBER,NUCLEOTIDE_INDEX,GENE_POSITION,ALT,REF,CODES_PROTEIN,INDEL_LENGTH,INDEL_NUCLEOTIDES,IS_CDS,IS_HET,IS_NULL,IS_PROMOTER,IS_SNP,AMINO_ACID_NUMBER,AMINO_ACID_SEQUENCE,IS_SYNONYMOUS,IS_NONSYNONYMOUS,NUMBER_NUCLEOTIDE_CHANGES
syn-illumina-preXDR,rpoB,S450L,,,450,ttg,tcg,True,,,True,False,False,False,True,450,L,False,True,1
syn-illumina-preXDR,gyrA,A90V,,,90,gtg,gcg,True,,,True,False,False,False,True,90,V,False,True,1
syn-illumina-preXDR,gyrA,S95T,,,95,acc,agc,True,,,True,False,False,False,True,95,T,False,True,1