UNIQUEID,DRUG,GENE,MUTATION,CATALOGUE_NAME,PREDICTION
syn-illumina-preXDR,RIF,rpoB,S450L,WHO-UCN-GTB-PCI-2021.7,R
syn-illumina-preXDR,LEV,gyrA,A90V,WHO-UCN-GTB-PCI-2021.7,R
syn-illumina-preXDR,MXF,gyrA,A90V,WHO-UCN-GTB-PCI-2021.7,R
syn-illumina-preXDR,LEV,gyrA,S95T,WHO-UCN-GTB-PCI-2021.7,S
syn-illumina-preXDR,MXF,gyrA,S95T,WHO-UCN-GTB-PCI-2021.7,S