UNIQUEID,DRUG,GENE,MUTATION,CATALOGUE_NAME,PREDICTION
syn-illumina-XDR,RIF,rpoB,S450L,WHO-UCN-GTB-PCI-2021.7,R
syn-illumina-XDR,LEV,gyrA,A90V,WHO-UCN-GTB-PCI-2021.7,R
syn-illumina-XDR,MXF,gyrA,A90V,WHO-UCN-GTB-PCI-2021.7,R
syn-illumina-XDR,LEV,gyrA,S95T,WHO-UCN-GTB-PCI-2021.7,S
syn-illumina-XDR,MXF,gyrA,S95T,WHO-UCN-GTB-PCI-2021.7,S
syn-illumina-XDR,LZD,rplC,C154R,WHO-UCN-GTB-PCI-2021.7,R